// Jest Snapshot v1, https://goo.gl/fbAQLP

exports[`<ClickOutside /> renders its content 1`] = `
<p>
  Hello
</p>
`;
