// Jest Snapshot v1, https://goo.gl/fbAQLP

exports[`<Button /> renders correctly 1`] = `
<button
  a={0}
  b="b"
>
  Click me
</button>
`;
